>>> SID: session-08cdb198-6f37-429b-8086-2061adc0eb57
>>> sent: ZZ alpha body
>>> sent: YY beta body
>>> PROBE: {
 "btn": {
  "rect": {
   "x": 1200,
   "y": 140,
   "w": 28,
   "h": 28,
   "b": 168,
   "r": 1228
  },
  "opacity": "1",
  "parentCls": "xzv4MW_actions"
 },
 "copyBtn": {
  "x": 1164,
  "y": 140,
  "w": 28,
  "h": 28,
  "b": 168,
  "r": 1192
 },
 "actionsRow": {
  "rect": {
   "x": 1113,
   "y": 140,
   "w": 115,
   "h": 28,
   "b": 168,
   "r": 1228
  },
  "opacity": "0",
  "cls": "xzv4MW_actions"
 },
 "bubble": {
  "x": 1112,
  "y": 239,
  "w": 116,
  "h": 42,
  "b": 281,
  "r": 1228
 },
 "overlapsBubble": false,
 "sameRowAsCopy": true,
 "inOfficialRow": true
}
>>> ASSERT (inOfficialRow && sameRowAsCopy && !overlapsBubble): true
>>> idle after 1 x2s
>>> BTNS BEFORE CLICK: [{"seq":null,"vis":true,"op":"1","txt":"ZZ alpha body 02:28"},{"seq":null,"vis":true,"op":"1","txt":"YY beta body 02:28"}]
>>> CLICK PT: {"x":1214,"y":301}
>>> TOAST: ["Stopped","Stopped"]
>>> NET: [{"s":200,"b":"{\"ok\":true,\"mode\":\"revert\",\"seq\":23,\"shadowedCount\":1,\"eventSeq\":27}"}] | BAR: 1 rolled back messages
>>> RESULT: GREEN
